.\venv\Scripts\python : 2026-05-19 12:02:06,174 | INFO | Loaded B01: 5,759 records
At line:1 char:1
+ .\venv\Scripts\python -m federated.simulation --n-rounds 2 --n-buildi ...
+ ~~~~~~~~~~~~~~~~~~~~~~~~~~~~~~~~~~~~~~~~~~~~~~~~~~~~~~~~~~~~~~~~~~~~~
    + CategoryInfo          : NotSpecified: (2026-05-19 12:0...: 5,759 records:String) [], RemoteException
    + FullyQualifiedErrorId : NativeCommandError
 
2026-05-19 12:02:06,179 | INFO | Loaded B02: 5,759 records
2026-05-19 12:02:06,181 | INFO | Starting EFADT FL simulation | Rounds=2 | Buildings=2 | DP=True
INFO flwr 2026-05-19 12:02:06,181 | app.py:178 | Starting Flower simulation, config: ServerConfig(num_rounds=2, 
round_timeout=None)
2026-05-19 12:02:06,181 | INFO | Starting Flower simulation, config: ServerConfig(num_rounds=2, round_timeout=None)
2026-05-19 12:02:09,529	INFO worker.py:1621 -- Started a local Ray instance.
INFO flwr 2026-05-19 12:02:11,573 | app.py:213 | Flower VCE: Ray initialized with resources: 
{'node:__internal_head__': 1.0, 'CPU': 12.0, 'node:127.0.0.1': 1.0, 'object_store_memory': 1439107891.0, 'memory': 
2878215783.0, 'GPU': 1.0}
2026-05-19 12:02:11,573 | INFO | Flower VCE: Ray initialized with resources: {'node:__internal_head__': 1.0, 'CPU': 
12.0, 'node:127.0.0.1': 1.0, 'object_store_memory': 1439107891.0, 'memory': 2878215783.0, 'GPU': 1.0}
INFO flwr 2026-05-19 12:02:11,573 | app.py:219 | Optimize your simulation with Flower VCE: 
https://flower.dev/docs/framework/how-to-run-simulations.html
2026-05-19 12:02:11,573 | INFO | Optimize your simulation with Flower VCE: 
https://flower.dev/docs/framework/how-to-run-simulations.html
INFO flwr 2026-05-19 12:02:11,573 | app.py:242 | Flower VCE: Resources for each Virtual Client: {'num_cpus': 1, 
'num_gpus': 0.0}
2026-05-19 12:02:11,573 | INFO | Flower VCE: Resources for each Virtual Client: {'num_cpus': 1, 'num_gpus': 0.0}
INFO flwr 2026-05-19 12:02:11,585 | app.py:288 | Flower VCE: Creating VirtualClientEngineActorPool with 12 actors
2026-05-19 12:02:11,585 | INFO | Flower VCE: Creating VirtualClientEngineActorPool with 12 actors
INFO flwr 2026-05-19 12:02:11,585 | server.py:89 | Initializing global parameters
2026-05-19 12:02:11,585 | INFO | Initializing global parameters
INFO flwr 2026-05-19 12:02:11,585 | server.py:276 | Requesting initial parameters from one random client
2026-05-19 12:02:11,585 | INFO | Requesting initial parameters from one random client
ERROR flwr 2026-05-19 12:02:17,283 | ray_client_proxy.py:145 | Traceback (most recent call last):
  File "C:\Users\Ali 
Akarma\Documents\GitHub\EFADT-Smart-Campus\venv\Lib\site-packages\flwr\simulation\ray_transport\ray_client_proxy.py", 
line 138, in _submit_job
    res = self.actor_pool.get_client_result(self.cid, timeout)
          ^^^^^^^^^^^^^^^^^^^^^^^^^^^^^^^^^^^^^^^^^^^^^^^^^^^^
  File "C:\Users\Ali 
Akarma\Documents\GitHub\EFADT-Smart-Campus\venv\Lib\site-packages\flwr\simulation\ray_transport\ray_actor.py", line 
414, in get_client_result
    return self._fetch_future_result(cid)
           ^^^^^^^^^^^^^^^^^^^^^^^^^^^^^^
  File "C:\Users\Ali 
Akarma\Documents\GitHub\EFADT-Smart-Campus\venv\Lib\site-packages\flwr\simulation\ray_transport\ray_actor.py", line 
300, in _fetch_future_result
    res_cid, res = ray.get(future)  # type: (str, ClientRes)
                   ^^^^^^^^^^^^^^^
  File "C:\Users\Ali 
Akarma\Documents\GitHub\EFADT-Smart-Campus\venv\Lib\site-packages\ray\_private\auto_init_hook.py", line 24, in 
auto_init_wrapper
    return fn(*args, **kwargs)
           ^^^^^^^^^^^^^^^^^^^
  File "C:\Users\Ali 
Akarma\Documents\GitHub\EFADT-Smart-Campus\venv\Lib\site-packages\ray\_private\client_mode_hook.py", line 103, in 
wrapper
    return func(*args, **kwargs)
           ^^^^^^^^^^^^^^^^^^^^^
  File "C:\Users\Ali Akarma\Documents\GitHub\EFADT-Smart-Campus\venv\Lib\site-packages\ray\_private\worker.py", line 
2524, in get
    raise value.as_instanceof_cause()
ray.exceptions.RayTaskError(ClientException): [36mray::DefaultActor.run()[39m (pid=39604, ip=127.0.0.1, 
actor_id=6c1fd02358371f3ce345eae701000000, repr=<flwr.simulation.ray_transport.ray_actor.DefaultActor object at 
0x00000287A17794D0>)
                                           ^^^^^^^^^^^^^^
  File "C:\Users\Ali Akarma\Documents\GitHub\EFADT-Smart-Campus\federated\client.py", line 212, in client_fn
    return EFADTClient(
           ^^^^^^^^^^^^
  File "C:\Users\Ali Akarma\Documents\GitHub\EFADT-Smart-Campus\federated\client.py", line 86, in __init__
    train_ds, val_ds, self.scaler = prepare_data(
                                    ^^^^^^^^^^^^^
  File "C:\Users\Ali Akarma\Documents\GitHub\EFADT-Smart-Campus\models\lstm\train_local.py", line 84, in prepare_data
    raise ValueError(f"No validation data for months {val_months}. Check dataset date range.")
ValueError: No validation data for months [7, 8, 9]. Check dataset date range.

The above exception was the direct cause of the following exception:

[36mray::DefaultActor.run()[39m (pid=39604, ip=127.0.0.1, actor_id=6c1fd02358371f3ce345eae701000000, 
repr=<flwr.simulation.ray_transport.ray_actor.DefaultActor object at 0x00000287A17794D0>)
  File "python\ray\_raylet.pyx", line 1418, in ray._raylet.execute_task
  File "python\ray\_raylet.pyx", line 1498, in ray._raylet.execute_task
  File "python\ray\_raylet.pyx", line 1424, in ray._raylet.execute_task
  File "python\ray\_raylet.pyx", line 1364, in ray._raylet.execute_task.function_executor
  File "C:\Users\Ali 
Akarma\Documents\GitHub\EFADT-Smart-Campus\venv\Lib\site-packages\ray\_private\function_manager.py", line 726, in 
actor_method_executor
    return method(__ray_actor, *args, **kwargs)
           ^^^^^^^^^^^^^^^^^^^^^^^^^^^^^^^^^^^^
  File "C:\Users\Ali 
Akarma\Documents\GitHub\EFADT-Smart-Campus\venv\Lib\site-packages\ray\util\tracing\tracing_helper.py", line 464, in 
_resume_span
    return method(self, *_args, **_kwargs)
           ^^^^^^^^^^^^^^^^^^^^^^^^^^^^^^^
  File "C:\Users\Ali 
Akarma\Documents\GitHub\EFADT-Smart-Campus\venv\Lib\site-packages\flwr\simulation\ray_transport\ray_actor.py", line 
84, in run
    raise ClientException(str(message)) from ex
flwr.simulation.ray_transport.ray_actor.ClientException: 
>>>>>>>A ClientException occurred.('\n\tSomething went wrong when running your client workload.\n\tClient 0 crashed 
when the DefaultActor was running its workload.\n\tException triggered on the client side: Traceback (most recent call 
last):\n  File "C:\\Users\\Ali Akarma\\Documents\\GitHub\\EFADT-Smart-Campus\\venv\\Lib\\site-packages\\flwr\\simulatio
n\\ray_transport\\ray_actor.py", line 70, in run\n    client = check_clientfn_returns_client(client_fn(cid))\n         
                                  ^^^^^^^^^^^^^^\n  File "C:\\Users\\Ali 
Akarma\\Documents\\GitHub\\EFADT-Smart-Campus\\federated\\client.py", line 212, in client_fn\n    return 
EFADTClient(\n           ^^^^^^^^^^^^\n  File "C:\\Users\\Ali 
Akarma\\Documents\\GitHub\\EFADT-Smart-Campus\\federated\\client.py", line 86, in __init__\n    train_ds, val_ds, 
self.scaler = prepare_data(\n                                    ^^^^^^^^^^^^^\n  File "C:\\Users\\Ali 
Akarma\\Documents\\GitHub\\EFADT-Smart-Campus\\models\\lstm\\train_local.py", line 84, in prepare_data\n    raise 
ValueError(f"No validation data for months {val_months}. Check dataset date range.")\nValueError: No validation data 
for months [7, 8, 9]. Check dataset date range.\n',)

2026-05-19 12:02:17,283 | ERROR | Traceback (most recent call last):
  File "C:\Users\Ali 
Akarma\Documents\GitHub\EFADT-Smart-Campus\venv\Lib\site-packages\flwr\simulation\ray_transport\ray_client_proxy.py", 
line 138, in _submit_job
    res = self.actor_pool.get_client_result(self.cid, timeout)
          ^^^^^^^^^^^^^^^^^^^^^^^^^^^^^^^^^^^^^^^^^^^^^^^^^^^^
  File "C:\Users\Ali 
Akarma\Documents\GitHub\EFADT-Smart-Campus\venv\Lib\site-packages\flwr\simulation\ray_transport\ray_actor.py", line 
414, in get_client_result
    return self._fetch_future_result(cid)
           ^^^^^^^^^^^^^^^^^^^^^^^^^^^^^^
  File "C:\Users\Ali 
Akarma\Documents\GitHub\EFADT-Smart-Campus\venv\Lib\site-packages\flwr\simulation\ray_transport\ray_actor.py", line 
300, in _fetch_future_result
    res_cid, res = ray.get(future)  # type: (str, ClientRes)
                   ^^^^^^^^^^^^^^^
  File "C:\Users\Ali 
Akarma\Documents\GitHub\EFADT-Smart-Campus\venv\Lib\site-packages\ray\_private\auto_init_hook.py", line 24, in 
auto_init_wrapper
    return fn(*args, **kwargs)
           ^^^^^^^^^^^^^^^^^^^
  File "C:\Users\Ali 
Akarma\Documents\GitHub\EFADT-Smart-Campus\venv\Lib\site-packages\ray\_private\client_mode_hook.py", line 103, in 
wrapper
    return func(*args, **kwargs)
           ^^^^^^^^^^^^^^^^^^^^^
  File "C:\Users\Ali Akarma\Documents\GitHub\EFADT-Smart-Campus\venv\Lib\site-packages\ray\_private\worker.py", line 
2524, in get
    raise value.as_instanceof_cause()
ray.exceptions.RayTaskError(ClientException): [36mray::DefaultActor.run()[39m (pid=39604, ip=127.0.0.1, 
actor_id=6c1fd02358371f3ce345eae701000000, repr=<flwr.simulation.ray_transport.ray_actor.DefaultActor object at 
0x00000287A17794D0>)
                                           ^^^^^^^^^^^^^^
  File "C:\Users\Ali Akarma\Documents\GitHub\EFADT-Smart-Campus\federated\client.py", line 212, in client_fn
    return EFADTClient(
           ^^^^^^^^^^^^
  File "C:\Users\Ali Akarma\Documents\GitHub\EFADT-Smart-Campus\federated\client.py", line 86, in __init__
    train_ds, val_ds, self.scaler = prepare_data(
                                    ^^^^^^^^^^^^^
  File "C:\Users\Ali Akarma\Documents\GitHub\EFADT-Smart-Campus\models\lstm\train_local.py", line 84, in prepare_data
    raise ValueError(f"No validation data for months {val_months}. Check dataset date range.")
ValueError: No validation data for months [7, 8, 9]. Check dataset date range.

The above exception was the direct cause of the following exception:

[36mray::DefaultActor.run()[39m (pid=39604, ip=127.0.0.1, actor_id=6c1fd02358371f3ce345eae701000000, 
repr=<flwr.simulation.ray_transport.ray_actor.DefaultActor object at 0x00000287A17794D0>)
  File "python\ray\_raylet.pyx", line 1418, in ray._raylet.execute_task
  File "python\ray\_raylet.pyx", line 1498, in ray._raylet.execute_task
  File "python\ray\_raylet.pyx", line 1424, in ray._raylet.execute_task
  File "python\ray\_raylet.pyx", line 1364, in ray._raylet.execute_task.function_executor
  File "C:\Users\Ali 
Akarma\Documents\GitHub\EFADT-Smart-Campus\venv\Lib\site-packages\ray\_private\function_manager.py", line 726, in 
actor_method_executor
    return method(__ray_actor, *args, **kwargs)
           ^^^^^^^^^^^^^^^^^^^^^^^^^^^^^^^^^^^^
  File "C:\Users\Ali 
Akarma\Documents\GitHub\EFADT-Smart-Campus\venv\Lib\site-packages\ray\util\tracing\tracing_helper.py", line 464, in 
_resume_span
    return method(self, *_args, **_kwargs)
           ^^^^^^^^^^^^^^^^^^^^^^^^^^^^^^^
  File "C:\Users\Ali 
Akarma\Documents\GitHub\EFADT-Smart-Campus\venv\Lib\site-packages\flwr\simulation\ray_transport\ray_actor.py", line 
84, in run
    raise ClientException(str(message)) from ex
flwr.simulation.ray_transport.ray_actor.ClientException: 
>>>>>>>A ClientException occurred.('\n\tSomething went wrong when running your client workload.\n\tClient 0 crashed 
when the DefaultActor was running its workload.\n\tException triggered on the client side: Traceback (most recent call 
last):\n  File "C:\\Users\\Ali Akarma\\Documents\\GitHub\\EFADT-Smart-Campus\\venv\\Lib\\site-packages\\flwr\\simulatio
n\\ray_transport\\ray_actor.py", line 70, in run\n    client = check_clientfn_returns_client(client_fn(cid))\n         
                                  ^^^^^^^^^^^^^^\n  File "C:\\Users\\Ali 
Akarma\\Documents\\GitHub\\EFADT-Smart-Campus\\federated\\client.py", line 212, in client_fn\n    return 
EFADTClient(\n           ^^^^^^^^^^^^\n  File "C:\\Users\\Ali 
Akarma\\Documents\\GitHub\\EFADT-Smart-Campus\\federated\\client.py", line 86, in __init__\n    train_ds, val_ds, 
self.scaler = prepare_data(\n                                    ^^^^^^^^^^^^^\n  File "C:\\Users\\Ali 
Akarma\\Documents\\GitHub\\EFADT-Smart-Campus\\models\\lstm\\train_local.py", line 84, in prepare_data\n    raise 
ValueError(f"No validation data for months {val_months}. Check dataset date range.")\nValueError: No validation data 
for months [7, 8, 9]. Check dataset date range.\n',)

ERROR flwr 2026-05-19 12:02:17,287 | ray_client_proxy.py:146 | [36mray::DefaultActor.run()[39m (pid=39604, 
ip=127.0.0.1, actor_id=6c1fd02358371f3ce345eae701000000, repr=<flwr.simulation.ray_transport.ray_actor.DefaultActor 
object at 0x00000287A17794D0>)
                                           ^^^^^^^^^^^^^^
  File "C:\Users\Ali Akarma\Documents\GitHub\EFADT-Smart-Campus\federated\client.py", line 212, in client_fn
    return EFADTClient(
           ^^^^^^^^^^^^
  File "C:\Users\Ali Akarma\Documents\GitHub\EFADT-Smart-Campus\federated\client.py", line 86, in __init__
    train_ds, val_ds, self.scaler = prepare_data(
                                    ^^^^^^^^^^^^^
  File "C:\Users\Ali Akarma\Documents\GitHub\EFADT-Smart-Campus\models\lstm\train_local.py", line 84, in prepare_data
    raise ValueError(f"No validation data for months {val_months}. Check dataset date range.")
ValueError: No validation data for months [7, 8, 9]. Check dataset date range.

The above exception was the direct cause of the following exception:

[36mray::DefaultActor.run()[39m (pid=39604, ip=127.0.0.1, actor_id=6c1fd02358371f3ce345eae701000000, 
repr=<flwr.simulation.ray_transport.ray_actor.DefaultActor object at 0x00000287A17794D0>)
  File "python\ray\_raylet.pyx", line 1418, in ray._raylet.execute_task
  File "python\ray\_raylet.pyx", line 1498, in ray._raylet.execute_task
  File "python\ray\_raylet.pyx", line 1424, in ray._raylet.execute_task
  File "python\ray\_raylet.pyx", line 1364, in ray._raylet.execute_task.function_executor
  File "C:\Users\Ali 
Akarma\Documents\GitHub\EFADT-Smart-Campus\venv\Lib\site-packages\ray\_private\function_manager.py", line 726, in 
actor_method_executor
    return method(__ray_actor, *args, **kwargs)
           ^^^^^^^^^^^^^^^^^^^^^^^^^^^^^^^^^^^^
  File "C:\Users\Ali 
Akarma\Documents\GitHub\EFADT-Smart-Campus\venv\Lib\site-packages\ray\util\tracing\tracing_helper.py", line 464, in 
_resume_span
    return method(self, *_args, **_kwargs)
           ^^^^^^^^^^^^^^^^^^^^^^^^^^^^^^^
  File "C:\Users\Ali 
Akarma\Documents\GitHub\EFADT-Smart-Campus\venv\Lib\site-packages\flwr\simulation\ray_transport\ray_actor.py", line 
84, in run
    raise ClientException(str(message)) from ex
flwr.simulation.ray_transport.ray_actor.ClientException: 
>>>>>>>A ClientException occurred.('\n\tSomething went wrong when running your client workload.\n\tClient 0 crashed 
when the DefaultActor was running its workload.\n\tException triggered on the client side: Traceback (most recent call 
last):\n  File "C:\\Users\\Ali Akarma\\Documents\\GitHub\\EFADT-Smart-Campus\\venv\\Lib\\site-packages\\flwr\\simulatio
n\\ray_transport\\ray_actor.py", line 70, in run\n    client = check_clientfn_returns_client(client_fn(cid))\n         
                                  ^^^^^^^^^^^^^^\n  File "C:\\Users\\Ali 
Akarma\\Documents\\GitHub\\EFADT-Smart-Campus\\federated\\client.py", line 212, in client_fn\n    return 
EFADTClient(\n           ^^^^^^^^^^^^\n  File "C:\\Users\\Ali 
Akarma\\Documents\\GitHub\\EFADT-Smart-Campus\\federated\\client.py", line 86, in __init__\n    train_ds, val_ds, 
self.scaler = prepare_data(\n                                    ^^^^^^^^^^^^^\n  File "C:\\Users\\Ali 
Akarma\\Documents\\GitHub\\EFADT-Smart-Campus\\models\\lstm\\train_local.py", line 84, in prepare_data\n    raise 
ValueError(f"No validation data for months {val_months}. Check dataset date range.")\nValueError: No validation data 
for months [7, 8, 9]. Check dataset date range.\n',)
2026-05-19 12:02:17,287 | ERROR | [36mray::DefaultActor.run()[39m (pid=39604, ip=127.0.0.1, 
actor_id=6c1fd02358371f3ce345eae701000000, repr=<flwr.simulation.ray_transport.ray_actor.DefaultActor object at 
0x00000287A17794D0>)
                                           ^^^^^^^^^^^^^^
  File "C:\Users\Ali Akarma\Documents\GitHub\EFADT-Smart-Campus\federated\client.py", line 212, in client_fn
    return EFADTClient(
           ^^^^^^^^^^^^
  File "C:\Users\Ali Akarma\Documents\GitHub\EFADT-Smart-Campus\federated\client.py", line 86, in __init__
    train_ds, val_ds, self.scaler = prepare_data(
                                    ^^^^^^^^^^^^^
  File "C:\Users\Ali Akarma\Documents\GitHub\EFADT-Smart-Campus\models\lstm\train_local.py", line 84, in prepare_data
    raise ValueError(f"No validation data for months {val_months}. Check dataset date range.")
ValueError: No validation data for months [7, 8, 9]. Check dataset date range.

The above exception was the direct cause of the following exception:

[36mray::DefaultActor.run()[39m (pid=39604, ip=127.0.0.1, actor_id=6c1fd02358371f3ce345eae701000000, 
repr=<flwr.simulation.ray_transport.ray_actor.DefaultActor object at 0x00000287A17794D0>)
  File "python\ray\_raylet.pyx", line 1418, in ray._raylet.execute_task
  File "python\ray\_raylet.pyx", line 1498, in ray._raylet.execute_task
  File "python\ray\_raylet.pyx", line 1424, in ray._raylet.execute_task
  File "python\ray\_raylet.pyx", line 1364, in ray._raylet.execute_task.function_executor
  File "C:\Users\Ali 
Akarma\Documents\GitHub\EFADT-Smart-Campus\venv\Lib\site-packages\ray\_private\function_manager.py", line 726, in 
actor_method_executor
    return method(__ray_actor, *args, **kwargs)
           ^^^^^^^^^^^^^^^^^^^^^^^^^^^^^^^^^^^^
  File "C:\Users\Ali 
Akarma\Documents\GitHub\EFADT-Smart-Campus\venv\Lib\site-packages\ray\util\tracing\tracing_helper.py", line 464, in 
_resume_span
    return method(self, *_args, **_kwargs)
           ^^^^^^^^^^^^^^^^^^^^^^^^^^^^^^^
  File "C:\Users\Ali 
Akarma\Documents\GitHub\EFADT-Smart-Campus\venv\Lib\site-packages\flwr\simulation\ray_transport\ray_actor.py", line 
84, in run
    raise ClientException(str(message)) from ex
flwr.simulation.ray_transport.ray_actor.ClientException: 
>>>>>>>A ClientException occurred.('\n\tSomething went wrong when running your client workload.\n\tClient 0 crashed 
when the DefaultActor was running its workload.\n\tException triggered on the client side: Traceback (most recent call 
last):\n  File "C:\\Users\\Ali Akarma\\Documents\\GitHub\\EFADT-Smart-Campus\\venv\\Lib\\site-packages\\flwr\\simulatio
n\\ray_transport\\ray_actor.py", line 70, in run\n    client = check_clientfn_returns_client(client_fn(cid))\n         
                                  ^^^^^^^^^^^^^^\n  File "C:\\Users\\Ali 
Akarma\\Documents\\GitHub\\EFADT-Smart-Campus\\federated\\client.py", line 212, in client_fn\n    return 
EFADTClient(\n           ^^^^^^^^^^^^\n  File "C:\\Users\\Ali 
Akarma\\Documents\\GitHub\\EFADT-Smart-Campus\\federated\\client.py", line 86, in __init__\n    train_ds, val_ds, 
self.scaler = prepare_data(\n                                    ^^^^^^^^^^^^^\n  File "C:\\Users\\Ali 
Akarma\\Documents\\GitHub\\EFADT-Smart-Campus\\models\\lstm\\train_local.py", line 84, in prepare_data\n    raise 
ValueError(f"No validation data for months {val_months}. Check dataset date range.")\nValueError: No validation data 
for months [7, 8, 9]. Check dataset date range.\n',)
ERROR flwr 2026-05-19 12:02:17,287 | app.py:313 | [36mray::DefaultActor.run()[39m (pid=39604, ip=127.0.0.1, 
actor_id=6c1fd02358371f3ce345eae701000000, repr=<flwr.simulation.ray_transport.ray_actor.DefaultActor object at 
0x00000287A17794D0>)
                                           ^^^^^^^^^^^^^^
  File "C:\Users\Ali Akarma\Documents\GitHub\EFADT-Smart-Campus\federated\client.py", line 212, in client_fn
    return EFADTClient(
           ^^^^^^^^^^^^
  File "C:\Users\Ali Akarma\Documents\GitHub\EFADT-Smart-Campus\federated\client.py", line 86, in __init__
    train_ds, val_ds, self.scaler = prepare_data(
                                    ^^^^^^^^^^^^^
  File "C:\Users\Ali Akarma\Documents\GitHub\EFADT-Smart-Campus\models\lstm\train_local.py", line 84, in prepare_data
    raise ValueError(f"No validation data for months {val_months}. Check dataset date range.")
ValueError: No validation data for months [7, 8, 9]. Check dataset date range.

The above exception was the direct cause of the following exception:

[36mray::DefaultActor.run()[39m (pid=39604, ip=127.0.0.1, actor_id=6c1fd02358371f3ce345eae701000000, 
repr=<flwr.simulation.ray_transport.ray_actor.DefaultActor object at 0x00000287A17794D0>)
  File "python\ray\_raylet.pyx", line 1418, in ray._raylet.execute_task
  File "python\ray\_raylet.pyx", line 1498, in ray._raylet.execute_task
  File "python\ray\_raylet.pyx", line 1424, in ray._raylet.execute_task
  File "python\ray\_raylet.pyx", line 1364, in ray._raylet.execute_task.function_executor
  File "C:\Users\Ali 
Akarma\Documents\GitHub\EFADT-Smart-Campus\venv\Lib\site-packages\ray\_private\function_manager.py", line 726, in 
actor_method_executor
    return method(__ray_actor, *args, **kwargs)
           ^^^^^^^^^^^^^^^^^^^^^^^^^^^^^^^^^^^^
  File "C:\Users\Ali 
Akarma\Documents\GitHub\EFADT-Smart-Campus\venv\Lib\site-packages\ray\util\tracing\tracing_helper.py", line 464, in 
_resume_span
    return method(self, *_args, **_kwargs)
           ^^^^^^^^^^^^^^^^^^^^^^^^^^^^^^^
  File "C:\Users\Ali 
Akarma\Documents\GitHub\EFADT-Smart-Campus\venv\Lib\site-packages\flwr\simulation\ray_transport\ray_actor.py", line 
84, in run
    raise ClientException(str(message)) from ex
flwr.simulation.ray_transport.ray_actor.ClientException: 
>>>>>>>A ClientException occurred.('\n\tSomething went wrong when running your client workload.\n\tClient 0 crashed 
when the DefaultActor was running its workload.\n\tException triggered on the client side: Traceback (most recent call 
last):\n  File "C:\\Users\\Ali Akarma\\Documents\\GitHub\\EFADT-Smart-Campus\\venv\\Lib\\site-packages\\flwr\\simulatio
n\\ray_transport\\ray_actor.py", line 70, in run\n    client = check_clientfn_returns_client(client_fn(cid))\n         
                                  ^^^^^^^^^^^^^^\n  File "C:\\Users\\Ali 
Akarma\\Documents\\GitHub\\EFADT-Smart-Campus\\federated\\client.py", line 212, in client_fn\n    return 
EFADTClient(\n           ^^^^^^^^^^^^\n  File "C:\\Users\\Ali 
Akarma\\Documents\\GitHub\\EFADT-Smart-Campus\\federated\\client.py", line 86, in __init__\n    train_ds, val_ds, 
self.scaler = prepare_data(\n                                    ^^^^^^^^^^^^^\n  File "C:\\Users\\Ali 
Akarma\\Documents\\GitHub\\EFADT-Smart-Campus\\models\\lstm\\train_local.py", line 84, in prepare_data\n    raise 
ValueError(f"No validation data for months {val_months}. Check dataset date range.")\nValueError: No validation data 
for months [7, 8, 9]. Check dataset date range.\n',)
2026-05-19 12:02:17,287 | ERROR | [36mray::DefaultActor.run()[39m (pid=39604, ip=127.0.0.1, 
actor_id=6c1fd02358371f3ce345eae701000000, repr=<flwr.simulation.ray_transport.ray_actor.DefaultActor object at 
0x00000287A17794D0>)
                                           ^^^^^^^^^^^^^^
  File "C:\Users\Ali Akarma\Documents\GitHub\EFADT-Smart-Campus\federated\client.py", line 212, in client_fn
    return EFADTClient(
           ^^^^^^^^^^^^
  File "C:\Users\Ali Akarma\Documents\GitHub\EFADT-Smart-Campus\federated\client.py", line 86, in __init__
    train_ds, val_ds, self.scaler = prepare_data(
                                    ^^^^^^^^^^^^^
  File "C:\Users\Ali Akarma\Documents\GitHub\EFADT-Smart-Campus\models\lstm\train_local.py", line 84, in prepare_data
    raise ValueError(f"No validation data for months {val_months}. Check dataset date range.")
ValueError: No validation data for months [7, 8, 9]. Check dataset date range.

The above exception was the direct cause of the following exception:

[36mray::DefaultActor.run()[39m (pid=39604, ip=127.0.0.1, actor_id=6c1fd02358371f3ce345eae701000000, 
repr=<flwr.simulation.ray_transport.ray_actor.DefaultActor object at 0x00000287A17794D0>)
  File "python\ray\_raylet.pyx", line 1418, in ray._raylet.execute_task
  File "python\ray\_raylet.pyx", line 1498, in ray._raylet.execute_task
  File "python\ray\_raylet.pyx", line 1424, in ray._raylet.execute_task
  File "python\ray\_raylet.pyx", line 1364, in ray._raylet.execute_task.function_executor
  File "C:\Users\Ali 
Akarma\Documents\GitHub\EFADT-Smart-Campus\venv\Lib\site-packages\ray\_private\function_manager.py", line 726, in 
actor_method_executor
    return method(__ray_actor, *args, **kwargs)
           ^^^^^^^^^^^^^^^^^^^^^^^^^^^^^^^^^^^^
  File "C:\Users\Ali 
Akarma\Documents\GitHub\EFADT-Smart-Campus\venv\Lib\site-packages\ray\util\tracing\tracing_helper.py", line 464, in 
_resume_span
    return method(self, *_args, **_kwargs)
           ^^^^^^^^^^^^^^^^^^^^^^^^^^^^^^^
  File "C:\Users\Ali 
Akarma\Documents\GitHub\EFADT-Smart-Campus\venv\Lib\site-packages\flwr\simulation\ray_transport\ray_actor.py", line 
84, in run
    raise ClientException(str(message)) from ex
flwr.simulation.ray_transport.ray_actor.ClientException: 
>>>>>>>A ClientException occurred.('\n\tSomething went wrong when running your client workload.\n\tClient 0 crashed 
when the DefaultActor was running its workload.\n\tException triggered on the client side: Traceback (most recent call 
last):\n  File "C:\\Users\\Ali Akarma\\Documents\\GitHub\\EFADT-Smart-Campus\\venv\\Lib\\site-packages\\flwr\\simulatio
n\\ray_transport\\ray_actor.py", line 70, in run\n    client = check_clientfn_returns_client(client_fn(cid))\n         
                                  ^^^^^^^^^^^^^^\n  File "C:\\Users\\Ali 
Akarma\\Documents\\GitHub\\EFADT-Smart-Campus\\federated\\client.py", line 212, in client_fn\n    return 
EFADTClient(\n           ^^^^^^^^^^^^\n  File "C:\\Users\\Ali 
Akarma\\Documents\\GitHub\\EFADT-Smart-Campus\\federated\\client.py", line 86, in __init__\n    train_ds, val_ds, 
self.scaler = prepare_data(\n                                    ^^^^^^^^^^^^^\n  File "C:\\Users\\Ali 
Akarma\\Documents\\GitHub\\EFADT-Smart-Campus\\models\\lstm\\train_local.py", line 84, in prepare_data\n    raise 
ValueError(f"No validation data for months {val_months}. Check dataset date range.")\nValueError: No validation data 
for months [7, 8, 9]. Check dataset date range.\n',)
ERROR flwr 2026-05-19 12:02:17,324 | app.py:314 | Traceback (most recent call last):
  File "C:\Users\Ali Akarma\Documents\GitHub\EFADT-Smart-Campus\venv\Lib\site-packages\flwr\simulation\app.py", line 
308, in start_simulation
    hist = run_fl(
           ^^^^^^^
  File "C:\Users\Ali Akarma\Documents\GitHub\EFADT-Smart-Campus\venv\Lib\site-packages\flwr\server\app.py", line 225, 
in run_fl
    hist = server.fit(num_rounds=config.num_rounds, timeout=config.round_timeout)
           ^^^^^^^^^^^^^^^^^^^^^^^^^^^^^^^^^^^^^^^^^^^^^^^^^^^^^^^^^^^^^^^^^^^^^^
  File "C:\Users\Ali Akarma\Documents\GitHub\EFADT-Smart-Campus\venv\Lib\site-packages\flwr\server\server.py", line 
90, in fit
    self.parameters = self._get_initial_parameters(timeout=timeout)
                      ^^^^^^^^^^^^^^^^^^^^^^^^^^^^^^^^^^^^^^^^^^^^^
  File "C:\Users\Ali Akarma\Documents\GitHub\EFADT-Smart-Campus\venv\Lib\site-packages\flwr\server\server.py", line 
279, in _get_initial_parameters
    get_parameters_res = random_client.get_parameters(ins=ins, timeout=timeout)
                         ^^^^^^^^^^^^^^^^^^^^^^^^^^^^^^^^^^^^^^^^^^^^^^^^^^^^^^
  File "C:\Users\Ali 
Akarma\Documents\GitHub\EFADT-Smart-Campus\venv\Lib\site-packages\flwr\simulation\ray_transport\ray_client_proxy.py", 
line 180, in get_parameters
    res = self._submit_job(get_parameters, timeout)
          ^^^^^^^^^^^^^^^^^^^^^^^^^^^^^^^^^^^^^^^^^
  File "C:\Users\Ali 
Akarma\Documents\GitHub\EFADT-Smart-Campus\venv\Lib\site-packages\flwr\simulation\ray_transport\ray_client_proxy.py", 
line 147, in _submit_job
    raise ex
  File "C:\Users\Ali 
Akarma\Documents\GitHub\EFADT-Smart-Campus\venv\Lib\site-packages\flwr\simulation\ray_transport\ray_client_proxy.py", 
line 138, in _submit_job
    res = self.actor_pool.get_client_result(self.cid, timeout)
          ^^^^^^^^^^^^^^^^^^^^^^^^^^^^^^^^^^^^^^^^^^^^^^^^^^^^
  File "C:\Users\Ali 
Akarma\Documents\GitHub\EFADT-Smart-Campus\venv\Lib\site-packages\flwr\simulation\ray_transport\ray_actor.py", line 
414, in get_client_result
    return self._fetch_future_result(cid)
           ^^^^^^^^^^^^^^^^^^^^^^^^^^^^^^
  File "C:\Users\Ali 
Akarma\Documents\GitHub\EFADT-Smart-Campus\venv\Lib\site-packages\flwr\simulation\ray_transport\ray_actor.py", line 
300, in _fetch_future_result
    res_cid, res = ray.get(future)  # type: (str, ClientRes)
                   ^^^^^^^^^^^^^^^
  File "C:\Users\Ali 
Akarma\Documents\GitHub\EFADT-Smart-Campus\venv\Lib\site-packages\ray\_private\auto_init_hook.py", line 24, in 
auto_init_wrapper
    return fn(*args, **kwargs)
           ^^^^^^^^^^^^^^^^^^^
  File "C:\Users\Ali 
Akarma\Documents\GitHub\EFADT-Smart-Campus\venv\Lib\site-packages\ray\_private\client_mode_hook.py", line 103, in 
wrapper
    return func(*args, **kwargs)
           ^^^^^^^^^^^^^^^^^^^^^
  File "C:\Users\Ali Akarma\Documents\GitHub\EFADT-Smart-Campus\venv\Lib\site-packages\ray\_private\worker.py", line 
2524, in get
    raise value.as_instanceof_cause()
ray.exceptions.RayTaskError(ClientException): [36mray::DefaultActor.run()[39m (pid=39604, ip=127.0.0.1, 
actor_id=6c1fd02358371f3ce345eae701000000, repr=<flwr.simulation.ray_transport.ray_actor.DefaultActor object at 
0x00000287A17794D0>)
                                           ^^^^^^^^^^^^^^
  File "C:\Users\Ali Akarma\Documents\GitHub\EFADT-Smart-Campus\federated\client.py", line 212, in client_fn
    return EFADTClient(
           ^^^^^^^^^^^^
  File "C:\Users\Ali Akarma\Documents\GitHub\EFADT-Smart-Campus\federated\client.py", line 86, in __init__
    train_ds, val_ds, self.scaler = prepare_data(
                                    ^^^^^^^^^^^^^
  File "C:\Users\Ali Akarma\Documents\GitHub\EFADT-Smart-Campus\models\lstm\train_local.py", line 84, in prepare_data
    raise ValueError(f"No validation data for months {val_months}. Check dataset date range.")
ValueError: No validation data for months [7, 8, 9]. Check dataset date range.

The above exception was the direct cause of the following exception:

[36mray::DefaultActor.run()[39m (pid=39604, ip=127.0.0.1, actor_id=6c1fd02358371f3ce345eae701000000, 
repr=<flwr.simulation.ray_transport.ray_actor.DefaultActor object at 0x00000287A17794D0>)
  File "python\ray\_raylet.pyx", line 1418, in ray._raylet.execute_task
  File "python\ray\_raylet.pyx", line 1498, in ray._raylet.execute_task
  File "python\ray\_raylet.pyx", line 1424, in ray._raylet.execute_task
  File "python\ray\_raylet.pyx", line 1364, in ray._raylet.execute_task.function_executor
  File "C:\Users\Ali 
Akarma\Documents\GitHub\EFADT-Smart-Campus\venv\Lib\site-packages\ray\_private\function_manager.py", line 726, in 
actor_method_executor
    return method(__ray_actor, *args, **kwargs)
           ^^^^^^^^^^^^^^^^^^^^^^^^^^^^^^^^^^^^
  File "C:\Users\Ali 
Akarma\Documents\GitHub\EFADT-Smart-Campus\venv\Lib\site-packages\ray\util\tracing\tracing_helper.py", line 464, in 
_resume_span
    return method(self, *_args, **_kwargs)
           ^^^^^^^^^^^^^^^^^^^^^^^^^^^^^^^
  File "C:\Users\Ali 
Akarma\Documents\GitHub\EFADT-Smart-Campus\venv\Lib\site-packages\flwr\simulation\ray_transport\ray_actor.py", line 
84, in run
    raise ClientException(str(message)) from ex
flwr.simulation.ray_transport.ray_actor.ClientException: 
>>>>>>>A ClientException occurred.('\n\tSomething went wrong when running your client workload.\n\tClient 0 crashed 
when the DefaultActor was running its workload.\n\tException triggered on the client side: Traceback (most recent call 
last):\n  File "C:\\Users\\Ali Akarma\\Documents\\GitHub\\EFADT-Smart-Campus\\venv\\Lib\\site-packages\\flwr\\simulatio
n\\ray_transport\\ray_actor.py", line 70, in run\n    client = check_clientfn_returns_client(client_fn(cid))\n         
                                  ^^^^^^^^^^^^^^\n  File "C:\\Users\\Ali 
Akarma\\Documents\\GitHub\\EFADT-Smart-Campus\\federated\\client.py", line 212, in client_fn\n    return 
EFADTClient(\n           ^^^^^^^^^^^^\n  File "C:\\Users\\Ali 
Akarma\\Documents\\GitHub\\EFADT-Smart-Campus\\federated\\client.py", line 86, in __init__\n    train_ds, val_ds, 
self.scaler = prepare_data(\n                                    ^^^^^^^^^^^^^\n  File "C:\\Users\\Ali 
Akarma\\Documents\\GitHub\\EFADT-Smart-Campus\\models\\lstm\\train_local.py", line 84, in prepare_data\n    raise 
ValueError(f"No validation data for months {val_months}. Check dataset date range.")\nValueError: No validation data 
for months [7, 8, 9]. Check dataset date range.\n',)

2026-05-19 12:02:17,324 | ERROR | Traceback (most recent call last):
  File "C:\Users\Ali Akarma\Documents\GitHub\EFADT-Smart-Campus\venv\Lib\site-packages\flwr\simulation\app.py", line 
308, in start_simulation
    hist = run_fl(
           ^^^^^^^
  File "C:\Users\Ali Akarma\Documents\GitHub\EFADT-Smart-Campus\venv\Lib\site-packages\flwr\server\app.py", line 225, 
in run_fl
    hist = server.fit(num_rounds=config.num_rounds, timeout=config.round_timeout)
           ^^^^^^^^^^^^^^^^^^^^^^^^^^^^^^^^^^^^^^^^^^^^^^^^^^^^^^^^^^^^^^^^^^^^^^
  File "C:\Users\Ali Akarma\Documents\GitHub\EFADT-Smart-Campus\venv\Lib\site-packages\flwr\server\server.py", line 
90, in fit
    self.parameters = self._get_initial_parameters(timeout=timeout)
                      ^^^^^^^^^^^^^^^^^^^^^^^^^^^^^^^^^^^^^^^^^^^^^
  File "C:\Users\Ali Akarma\Documents\GitHub\EFADT-Smart-Campus\venv\Lib\site-packages\flwr\server\server.py", line 
279, in _get_initial_parameters
    get_parameters_res = random_client.get_parameters(ins=ins, timeout=timeout)
                         ^^^^^^^^^^^^^^^^^^^^^^^^^^^^^^^^^^^^^^^^^^^^^^^^^^^^^^
  File "C:\Users\Ali 
Akarma\Documents\GitHub\EFADT-Smart-Campus\venv\Lib\site-packages\flwr\simulation\ray_transport\ray_client_proxy.py", 
line 180, in get_parameters
    res = self._submit_job(get_parameters, timeout)
          ^^^^^^^^^^^^^^^^^^^^^^^^^^^^^^^^^^^^^^^^^
  File "C:\Users\Ali 
Akarma\Documents\GitHub\EFADT-Smart-Campus\venv\Lib\site-packages\flwr\simulation\ray_transport\ray_client_proxy.py", 
line 147, in _submit_job
    raise ex
  File "C:\Users\Ali 
Akarma\Documents\GitHub\EFADT-Smart-Campus\venv\Lib\site-packages\flwr\simulation\ray_transport\ray_client_proxy.py", 
line 138, in _submit_job
    res = self.actor_pool.get_client_result(self.cid, timeout)
          ^^^^^^^^^^^^^^^^^^^^^^^^^^^^^^^^^^^^^^^^^^^^^^^^^^^^
  File "C:\Users\Ali 
Akarma\Documents\GitHub\EFADT-Smart-Campus\venv\Lib\site-packages\flwr\simulation\ray_transport\ray_actor.py", line 
414, in get_client_result
    return self._fetch_future_result(cid)
           ^^^^^^^^^^^^^^^^^^^^^^^^^^^^^^
  File "C:\Users\Ali 
Akarma\Documents\GitHub\EFADT-Smart-Campus\venv\Lib\site-packages\flwr\simulation\ray_transport\ray_actor.py", line 
300, in _fetch_future_result
    res_cid, res = ray.get(future)  # type: (str, ClientRes)
                   ^^^^^^^^^^^^^^^
  File "C:\Users\Ali 
Akarma\Documents\GitHub\EFADT-Smart-Campus\venv\Lib\site-packages\ray\_private\auto_init_hook.py", line 24, in 
auto_init_wrapper
    return fn(*args, **kwargs)
           ^^^^^^^^^^^^^^^^^^^
  File "C:\Users\Ali 
Akarma\Documents\GitHub\EFADT-Smart-Campus\venv\Lib\site-packages\ray\_private\client_mode_hook.py", line 103, in 
wrapper
    return func(*args, **kwargs)
           ^^^^^^^^^^^^^^^^^^^^^
  File "C:\Users\Ali Akarma\Documents\GitHub\EFADT-Smart-Campus\venv\Lib\site-packages\ray\_private\worker.py", line 
2524, in get
    raise value.as_instanceof_cause()
ray.exceptions.RayTaskError(ClientException): [36mray::DefaultActor.run()[39m (pid=39604, ip=127.0.0.1, 
actor_id=6c1fd02358371f3ce345eae701000000, repr=<flwr.simulation.ray_transport.ray_actor.DefaultActor object at 
0x00000287A17794D0>)
                                           ^^^^^^^^^^^^^^
  File "C:\Users\Ali Akarma\Documents\GitHub\EFADT-Smart-Campus\federated\client.py", line 212, in client_fn
    return EFADTClient(
           ^^^^^^^^^^^^
  File "C:\Users\Ali Akarma\Documents\GitHub\EFADT-Smart-Campus\federated\client.py", line 86, in __init__
    train_ds, val_ds, self.scaler = prepare_data(
                                    ^^^^^^^^^^^^^
  File "C:\Users\Ali Akarma\Documents\GitHub\EFADT-Smart-Campus\models\lstm\train_local.py", line 84, in prepare_data
    raise ValueError(f"No validation data for months {val_months}. Check dataset date range.")
ValueError: No validation data for months [7, 8, 9]. Check dataset date range.

The above exception was the direct cause of the following exception:

[36mray::DefaultActor.run()[39m (pid=39604, ip=127.0.0.1, actor_id=6c1fd02358371f3ce345eae701000000, 
repr=<flwr.simulation.ray_transport.ray_actor.DefaultActor object at 0x00000287A17794D0>)
  File "python\ray\_raylet.pyx", line 1418, in ray._raylet.execute_task
  File "python\ray\_raylet.pyx", line 1498, in ray._raylet.execute_task
  File "python\ray\_raylet.pyx", line 1424, in ray._raylet.execute_task
  File "python\ray\_raylet.pyx", line 1364, in ray._raylet.execute_task.function_executor
  File "C:\Users\Ali 
Akarma\Documents\GitHub\EFADT-Smart-Campus\venv\Lib\site-packages\ray\_private\function_manager.py", line 726, in 
actor_method_executor
    return method(__ray_actor, *args, **kwargs)
           ^^^^^^^^^^^^^^^^^^^^^^^^^^^^^^^^^^^^
  File "C:\Users\Ali 
Akarma\Documents\GitHub\EFADT-Smart-Campus\venv\Lib\site-packages\ray\util\tracing\tracing_helper.py", line 464, in 
_resume_span
    return method(self, *_args, **_kwargs)
           ^^^^^^^^^^^^^^^^^^^^^^^^^^^^^^^
  File "C:\Users\Ali 
Akarma\Documents\GitHub\EFADT-Smart-Campus\venv\Lib\site-packages\flwr\simulation\ray_transport\ray_actor.py", line 
84, in run
    raise ClientException(str(message)) from ex
flwr.simulation.ray_transport.ray_actor.ClientException: 
>>>>>>>A ClientException occurred.('\n\tSomething went wrong when running your client workload.\n\tClient 0 crashed 
when the DefaultActor was running its workload.\n\tException triggered on the client side: Traceback (most recent call 
last):\n  File "C:\\Users\\Ali Akarma\\Documents\\GitHub\\EFADT-Smart-Campus\\venv\\Lib\\site-packages\\flwr\\simulatio
n\\ray_transport\\ray_actor.py", line 70, in run\n    client = check_clientfn_returns_client(client_fn(cid))\n         
                                  ^^^^^^^^^^^^^^\n  File "C:\\Users\\Ali 
Akarma\\Documents\\GitHub\\EFADT-Smart-Campus\\federated\\client.py", line 212, in client_fn\n    return 
EFADTClient(\n           ^^^^^^^^^^^^\n  File "C:\\Users\\Ali 
Akarma\\Documents\\GitHub\\EFADT-Smart-Campus\\federated\\client.py", line 86, in __init__\n    train_ds, val_ds, 
self.scaler = prepare_data(\n                                    ^^^^^^^^^^^^^\n  File "C:\\Users\\Ali 
Akarma\\Documents\\GitHub\\EFADT-Smart-Campus\\models\\lstm\\train_local.py", line 84, in prepare_data\n    raise 
ValueError(f"No validation data for months {val_months}. Check dataset date range.")\nValueError: No validation data 
for months [7, 8, 9]. Check dataset date range.\n',)

ERROR flwr 2026-05-19 12:02:17,324 | app.py:315 | Your simulation crashed :(. This could be because of several 
reasons.The most common are: 
	 > Your system couldn't fit a single VirtualClient: try lowering `client_resources`.
	 > All the actors in your pool crashed. This could be because: 
		 - You clients hit an out-of-memory (OOM) error and actors couldn't recover from it. Try launching your simulation 
with more generous `client_resources` setting (i.e. it seems {'num_cpus': 1, 'num_gpus': 0.0} is not enough for your 
workload). Use fewer concurrent actors. 
		 - You were running a multi-node simulation and all worker nodes disconnected. The head node might still be alive 
but cannot accommodate any actor with resources: {'num_cpus': 1, 'num_gpus': 0.0}.
2026-05-19 12:02:17,324 | ERROR | Your simulation crashed :(. This could be because of several reasons.The most common 
are: 
	 > Your system couldn't fit a single VirtualClient: try lowering `client_resources`.
	 > All the actors in your pool crashed. This could be because: 
		 - You clients hit an out-of-memory (OOM) error and actors couldn't recover from it. Try launching your simulation 
with more generous `client_resources` setting (i.e. it seems {'num_cpus': 1, 'num_gpus': 0.0} is not enough for your 
workload). Use fewer concurrent actors. 
		 - You were running a multi-node simulation and all worker nodes disconnected. The head node might still be alive 
but cannot accommodate any actor with resources: {'num_cpus': 1, 'num_gpus': 0.0}.
Traceback (most recent call last):
  File "C:\Users\Ali Akarma\Documents\GitHub\EFADT-Smart-Campus\venv\Lib\site-packages\flwr\simulation\app.py", line 
308, in start_simulation
    hist = run_fl(
           ^^^^^^^
  File "C:\Users\Ali Akarma\Documents\GitHub\EFADT-Smart-Campus\venv\Lib\site-packages\flwr\server\app.py", line 225, 
in run_fl
    hist = server.fit(num_rounds=config.num_rounds, timeout=config.round_timeout)
           ^^^^^^^^^^^^^^^^^^^^^^^^^^^^^^^^^^^^^^^^^^^^^^^^^^^^^^^^^^^^^^^^^^^^^^
  File "C:\Users\Ali Akarma\Documents\GitHub\EFADT-Smart-Campus\venv\Lib\site-packages\flwr\server\server.py", line 
90, in fit
    self.parameters = self._get_initial_parameters(timeout=timeout)
                      ^^^^^^^^^^^^^^^^^^^^^^^^^^^^^^^^^^^^^^^^^^^^^
  File "C:\Users\Ali Akarma\Documents\GitHub\EFADT-Smart-Campus\venv\Lib\site-packages\flwr\server\server.py", line 
279, in _get_initial_parameters
    get_parameters_res = random_client.get_parameters(ins=ins, timeout=timeout)
                         ^^^^^^^^^^^^^^^^^^^^^^^^^^^^^^^^^^^^^^^^^^^^^^^^^^^^^^
  File "C:\Users\Ali 
Akarma\Documents\GitHub\EFADT-Smart-Campus\venv\Lib\site-packages\flwr\simulation\ray_transport\ray_client_proxy.py", 
line 180, in get_parameters
    res = self._submit_job(get_parameters, timeout)
          ^^^^^^^^^^^^^^^^^^^^^^^^^^^^^^^^^^^^^^^^^
  File "C:\Users\Ali 
Akarma\Documents\GitHub\EFADT-Smart-Campus\venv\Lib\site-packages\flwr\simulation\ray_transport\ray_client_proxy.py", 
line 147, in _submit_job
    raise ex
  File "C:\Users\Ali 
Akarma\Documents\GitHub\EFADT-Smart-Campus\venv\Lib\site-packages\flwr\simulation\ray_transport\ray_client_proxy.py", 
line 138, in _submit_job
    res = self.actor_pool.get_client_result(self.cid, timeout)
          ^^^^^^^^^^^^^^^^^^^^^^^^^^^^^^^^^^^^^^^^^^^^^^^^^^^^
  File "C:\Users\Ali 
Akarma\Documents\GitHub\EFADT-Smart-Campus\venv\Lib\site-packages\flwr\simulation\ray_transport\ray_actor.py", line 
414, in get_client_result
    return self._fetch_future_result(cid)
           ^^^^^^^^^^^^^^^^^^^^^^^^^^^^^^
  File "C:\Users\Ali 
Akarma\Documents\GitHub\EFADT-Smart-Campus\venv\Lib\site-packages\flwr\simulation\ray_transport\ray_actor.py", line 
300, in _fetch_future_result
    res_cid, res = ray.get(future)  # type: (str, ClientRes)
                   ^^^^^^^^^^^^^^^
  File "C:\Users\Ali 
Akarma\Documents\GitHub\EFADT-Smart-Campus\venv\Lib\site-packages\ray\_private\auto_init_hook.py", line 24, in 
auto_init_wrapper
    return fn(*args, **kwargs)
           ^^^^^^^^^^^^^^^^^^^
  File "C:\Users\Ali 
Akarma\Documents\GitHub\EFADT-Smart-Campus\venv\Lib\site-packages\ray\_private\client_mode_hook.py", line 103, in 
wrapper
    return func(*args, **kwargs)
           ^^^^^^^^^^^^^^^^^^^^^
  File "C:\Users\Ali Akarma\Documents\GitHub\EFADT-Smart-Campus\venv\Lib\site-packages\ray\_private\worker.py", line 
2524, in get
    raise value.as_instanceof_cause()
ray.exceptions.RayTaskError(ClientException): [36mray::DefaultActor.run()[39m (pid=39604, ip=127.0.0.1, 
actor_id=6c1fd02358371f3ce345eae701000000, repr=<flwr.simulation.ray_transport.ray_actor.DefaultActor object at 
0x00000287A17794D0>)
                                           ^^^^^^^^^^^^^^
  File "C:\Users\Ali Akarma\Documents\GitHub\EFADT-Smart-Campus\federated\client.py", line 212, in client_fn
    return EFADTClient(
           ^^^^^^^^^^^^
  File "C:\Users\Ali Akarma\Documents\GitHub\EFADT-Smart-Campus\federated\client.py", line 86, in __init__
    train_ds, val_ds, self.scaler = prepare_data(
                                    ^^^^^^^^^^^^^
  File "C:\Users\Ali Akarma\Documents\GitHub\EFADT-Smart-Campus\models\lstm\train_local.py", line 84, in prepare_data
    raise ValueError(f"No validation data for months {val_months}. Check dataset date range.")
ValueError: No validation data for months [7, 8, 9]. Check dataset date range.

The above exception was the direct cause of the following exception:

[36mray::DefaultActor.run()[39m (pid=39604, ip=127.0.0.1, actor_id=6c1fd02358371f3ce345eae701000000, 
repr=<flwr.simulation.ray_transport.ray_actor.DefaultActor object at 0x00000287A17794D0>)
  File "python\ray\_raylet.pyx", line 1418, in ray._raylet.execute_task
  File "python\ray\_raylet.pyx", line 1498, in ray._raylet.execute_task
  File "python\ray\_raylet.pyx", line 1424, in ray._raylet.execute_task
  File "python\ray\_raylet.pyx", line 1364, in ray._raylet.execute_task.function_executor
  File "C:\Users\Ali 
Akarma\Documents\GitHub\EFADT-Smart-Campus\venv\Lib\site-packages\ray\_private\function_manager.py", line 726, in 
actor_method_executor
    return method(__ray_actor, *args, **kwargs)
           ^^^^^^^^^^^^^^^^^^^^^^^^^^^^^^^^^^^^
  File "C:\Users\Ali 
Akarma\Documents\GitHub\EFADT-Smart-Campus\venv\Lib\site-packages\ray\util\tracing\tracing_helper.py", line 464, in 
_resume_span
    return method(self, *_args, **_kwargs)
           ^^^^^^^^^^^^^^^^^^^^^^^^^^^^^^^
  File "C:\Users\Ali 
Akarma\Documents\GitHub\EFADT-Smart-Campus\venv\Lib\site-packages\flwr\simulation\ray_transport\ray_actor.py", line 
84, in run
    raise ClientException(str(message)) from ex
flwr.simulation.ray_transport.ray_actor.ClientException: 
>>>>>>>A ClientException occurred.('\n\tSomething went wrong when running your client workload.\n\tClient 0 crashed 
when the DefaultActor was running its workload.\n\tException triggered on the client side: Traceback (most recent call 
last):\n  File "C:\\Users\\Ali Akarma\\Documents\\GitHub\\EFADT-Smart-Campus\\venv\\Lib\\site-packages\\flwr\\simulatio
n\\ray_transport\\ray_actor.py", line 70, in run\n    client = check_clientfn_returns_client(client_fn(cid))\n         
                                  ^^^^^^^^^^^^^^\n  File "C:\\Users\\Ali 
Akarma\\Documents\\GitHub\\EFADT-Smart-Campus\\federated\\client.py", line 212, in client_fn\n    return 
EFADTClient(\n           ^^^^^^^^^^^^\n  File "C:\\Users\\Ali 
Akarma\\Documents\\GitHub\\EFADT-Smart-Campus\\federated\\client.py", line 86, in __init__\n    train_ds, val_ds, 
self.scaler = prepare_data(\n                                    ^^^^^^^^^^^^^\n  File "C:\\Users\\Ali 
Akarma\\Documents\\GitHub\\EFADT-Smart-Campus\\models\\lstm\\train_local.py", line 84, in prepare_data\n    raise 
ValueError(f"No validation data for months {val_months}. Check dataset date range.")\nValueError: No validation data 
for months [7, 8, 9]. Check dataset date range.\n',)

The above exception was the direct cause of the following exception:

Traceback (most recent call last):
  File "<frozen runpy>", line 198, in _run_module_as_main
  File "<frozen runpy>", line 88, in _run_code
  File "C:\Users\Ali Akarma\Documents\GitHub\EFADT-Smart-Campus\federated\simulation.py", line 191, in <module>
    main()
  File "C:\Users\Ali Akarma\Documents\GitHub\EFADT-Smart-Campus\federated\simulation.py", line 173, in main
    summary = run_simulation(
              ^^^^^^^^^^^^^^^
  File "C:\Users\Ali Akarma\Documents\GitHub\EFADT-Smart-Campus\federated\simulation.py", line 131, in run_simulation
    history = fl.simulation.start_simulation(
              ^^^^^^^^^^^^^^^^^^^^^^^^^^^^^^^
  File "C:\Users\Ali Akarma\Documents\GitHub\EFADT-Smart-Campus\venv\Lib\site-packages\flwr\simulation\app.py", line 
332, in start_simulation
    raise RuntimeError("Simulation crashed.") from ex
RuntimeError: Simulation crashed.
